
Memory Configuration

Name             Origin             Length             Attributes
FLASH            0x08000000         0x00008000         xr
RAM              0x20000000         0x00001000         xrw
*default*        0x00000000         0xffffffff

Linker script and memory map


.text           0x08000000      0x775
 *(.vectors)
 .vectors       0x08000000       0xc0 ./output/startup_ARMCM0.o
                0x08000000                __Vectors
                0x080000c0                __Vectors_End = .
                0x000000c0                __Vectors_Size = (__Vectors_End - __Vectors)
                0x080000c0                __end__ = .
 *(.text*)
 .text          0x080000c0      0x6a0 ./output/main.o
                0x080000c0                Led_On
                0x080000f0                Led_Off
                0x08000120                Delay
                0x08000160                Reserved_IRQHandler
                0x08000166                NMI_Handler
                0x0800016c                HardFault_Handler
                0x08000172                SVC_Handler
                0x08000178                PendSV_Handler
                0x0800017e                SysTick_Handler
                0x080001b0                EXTI0_1_IRQHandler
                0x080001b6                EXTI2_3_IRQHandler
                0x080001bc                EXTI4_15_IRQHandler
                0x080001c2                Enable_Clk
                0x080001f8                Init_Pin
                0x08000294                Init_SysTick
                0x080002c8                Init_TM1637
                0x0800035c                start
                0x080003a8                stop
                0x080003f4                Delay_us
                0x08000414                I2CStart
                0x08000454                I2Cask
                0x080004fc                I2CStop
                0x08000558                I2CWrByte
                0x080005f0                SmgDisplay
                0x080006c0                main
 .text          0x08000760        0x4 ./output/startup_ARMCM0.o
                0x08000760                Reset_Handler
 *(.init)
 *(.fini)
 *(.rodata*)
 .rodata        0x08000764       0x11 ./output/main.o
                0x08000764                segmentMap
 *(.eh_frame*)

.glue_7         0x08000778        0x0
 .glue_7        0x08000778        0x0 linker stubs

.glue_7t        0x08000778        0x0
 .glue_7t       0x08000778        0x0 linker stubs

.vfp11_veneer   0x08000778        0x0
 .vfp11_veneer  0x08000778        0x0 linker stubs

.v4_bx          0x08000778        0x0
 .v4_bx         0x08000778        0x0 linker stubs

.iplt           0x08000778        0x0
 .iplt          0x08000778        0x0 ./output/main.o

.rel.dyn        0x08000778        0x0
 .rel.iplt      0x08000778        0x0 ./output/main.o

.data           0x20000000        0x4
                0x20000000                __data_start__ = .
 *(vtable)
 *(.data*)
 .data          0x20000000        0x4 ./output/main.o
                0x20000000                dot
 .data          0x20000004        0x0 ./output/startup_ARMCM0.o
                0x20000004                __data_end__ = .

.igot.plt       0x20000004        0x0
 .igot.plt      0x20000004        0x0 ./output/main.o

.bss            0x20000004        0x4
                0x20000004                . = ALIGN (0x4)
                0x20000004                __bss_start__ = .
 *(.bss*)
 .bss           0x20000004        0x4 ./output/main.o
                0x20000004                temp
 .bss           0x20000008        0x0 ./output/startup_ARMCM0.o
 *(COMMON)
                0x20000008                . = ALIGN (0x4)
                0x20000008                __bss_end__ = .

.heap           0x20000008      0x200
                0x20000008                __HeapBase = .
                0x20000008                __end__ = .
                0x20000008                end = __end__
 *(.heap*)
 .heap          0x20000008      0x200 ./output/startup_ARMCM0.o
                0x20000208                __HeapLimit = .

.stack_dummy    0x20000008      0x100
 *(.stack*)
 .stack         0x20000008      0x100 ./output/startup_ARMCM0.o
                0x20001000                __StackTop = (ORIGIN (RAM) + LENGTH (RAM))
                0x20000f00                __StackLimit = (__StackTop - SIZEOF (.stack_dummy))
                [!provide]                PROVIDE (__stack, __StackTop)
                0x00000001                ASSERT ((__StackLimit >= __HeapLimit), region RAM overflowed with stack)
LOAD ./output/main.o
LOAD ./output/startup_ARMCM0.o
OUTPUT(./output/stm32f0_discovery.elf elf32-littlearm)

.debug_info     0x00000000      0x4e0
 .debug_info    0x00000000      0x4e0 ./output/main.o

.debug_abbrev   0x00000000      0x19f
 .debug_abbrev  0x00000000      0x19f ./output/main.o

.debug_aranges  0x00000000       0x20
 .debug_aranges
                0x00000000       0x20 ./output/main.o

.debug_line     0x00000000      0x17f
 .debug_line    0x00000000      0x17f ./output/main.o

.debug_str      0x00000000      0x2db
 .debug_str     0x00000000      0x2db ./output/main.o
                                0x2e0 (size before relaxing)

.comment        0x00000000       0x7e
 .comment       0x00000000       0x7e ./output/main.o
                                 0x7f (size before relaxing)

.ARM.attributes
                0x00000000       0x2f
 .ARM.attributes
                0x00000000       0x31 ./output/main.o
 .ARM.attributes
                0x00000031       0x1b ./output/startup_ARMCM0.o

.debug_frame    0x00000000      0x2e8
 .debug_frame   0x00000000      0x2e8 ./output/main.o
