
Allocating common symbols
Common symbol       size              file

rx_data             0x1               ./output/main.o

Memory Configuration

Name             Origin             Length             Attributes
FLASH            0x08000000         0x00008000         xr
RAM              0x20000000         0x00001000         xrw
*default*        0x00000000         0xffffffff

Linker script and memory map


.text           0x08000000      0x9aa
 *(.vectors)
 .vectors       0x08000000       0xc0 ./output/startup_ARMCM0.o
                0x08000000                __Vectors
                0x080000c0                __Vectors_End = .
                0x000000c0                __Vectors_Size = (__Vectors_End - __Vectors)
                0x080000c0                __end__ = .
 *(.text*)
 .text          0x080000c0       0xa0 ./output/main.o
                0x080000c0                main
 .text          0x08000160        0x4 ./output/startup_ARMCM0.o
                0x08000160                Reset_Handler
 .text          0x08000164       0x36 ./output/interrupt_manager.o
                0x08000164                Reserved_IRQHandler
                0x0800016a                NMI_Handler
                0x08000170                HardFault_Handler
                0x08000176                SVC_Handler
                0x0800017c                PendSV_Handler
                0x08000182                SysTick_Handler
                0x08000188                EXTI0_1_IRQHandler
                0x0800018e                EXTI2_3_IRQHandler
                0x08000194                USART1_IRQHandler
 *fill*         0x0800019a        0x2 
 .text          0x0800019c      0x13c ./output/clock_driver.o
                0x0800019c                CLOCK_DRV_Init
                0x08000224                CLOCK_DRV_Config
                0x08000260                CLOCK_DRV_Enable
                0x08000298                delay
 .text          0x080002d8      0x1f0 ./output/gpio_driver.o
                0x080002d8                GPIO_DRV_Init
                0x08000468                led_on
                0x08000498                led_off
 .text          0x080004c8       0x34 ./output/systick_driver.o
                0x080004c8                systick_init
 .text          0x080004fc      0x110 ./output/uart_driver.o
                0x080004fc                UART_DRV_Init
                0x08000598                UART_DRV_SendByte
                0x080005dc                UART_DRV_SendString
 .text          0x0800060c      0x394 ./output/tm1637_driver.o
                0x08000824                TM1637_DRV_Init
                0x080008b8                TM1637_DRV_Display
 *(.init)
 *(.fini)
 *(.rodata*)
 .rodata        0x080009a0        0xa ./output/tm1637_driver.o
 *(.eh_frame*)

.glue_7         0x080009ac        0x0
 .glue_7        0x080009ac        0x0 linker stubs

.glue_7t        0x080009ac        0x0
 .glue_7t       0x080009ac        0x0 linker stubs

.vfp11_veneer   0x080009ac        0x0
 .vfp11_veneer  0x080009ac        0x0 linker stubs

.v4_bx          0x080009ac        0x0
 .v4_bx         0x080009ac        0x0 linker stubs

.iplt           0x080009ac        0x0
 .iplt          0x080009ac        0x0 ./output/main.o

.rel.dyn        0x080009ac        0x0
 .rel.iplt      0x080009ac        0x0 ./output/main.o

.data           0x20000000        0x4
                0x20000000                __data_start__ = .
 *(vtable)
 *(.data*)
 .data          0x20000000        0x0 ./output/main.o
 .data          0x20000000        0x0 ./output/startup_ARMCM0.o
 .data          0x20000000        0x0 ./output/interrupt_manager.o
 .data          0x20000000        0x0 ./output/clock_driver.o
 .data          0x20000000        0x0 ./output/gpio_driver.o
 .data          0x20000000        0x0 ./output/systick_driver.o
 .data          0x20000000        0x0 ./output/uart_driver.o
 .data          0x20000000        0x4 ./output/tm1637_driver.o
                0x20000004                __data_end__ = .

.igot.plt       0x20000004        0x0
 .igot.plt      0x20000004        0x0 ./output/main.o

.bss            0x20000004        0x4
                0x20000004                . = ALIGN (0x4)
                0x20000004                __bss_start__ = .
 *(.bss*)
 .bss           0x20000004        0x0 ./output/main.o
 .bss           0x20000004        0x0 ./output/startup_ARMCM0.o
 .bss           0x20000004        0x0 ./output/interrupt_manager.o
 .bss           0x20000004        0x0 ./output/clock_driver.o
 .bss           0x20000004        0x0 ./output/gpio_driver.o
 .bss           0x20000004        0x0 ./output/systick_driver.o
 .bss           0x20000004        0x0 ./output/uart_driver.o
 .bss           0x20000004        0x0 ./output/tm1637_driver.o
 *(COMMON)
 COMMON         0x20000004        0x1 ./output/main.o
                0x20000004                rx_data
                0x20000008                . = ALIGN (0x4)
 *fill*         0x20000005        0x3 
                0x20000008                __bss_end__ = .

.heap           0x20000008      0x200
                0x20000008                __HeapBase = .
                0x20000008                __end__ = .
                0x20000008                end = __end__
 *(.heap*)
 .heap          0x20000008      0x200 ./output/startup_ARMCM0.o
                0x20000208                __HeapLimit = .

.stack_dummy    0x20000008      0x100
 *(.stack*)
 .stack         0x20000008      0x100 ./output/startup_ARMCM0.o
                0x20001000                __StackTop = (ORIGIN (RAM) + LENGTH (RAM))
                0x20000f00                __StackLimit = (__StackTop - SIZEOF (.stack_dummy))
                [!provide]                PROVIDE (__stack, __StackTop)
                0x00000001                ASSERT ((__StackLimit >= __HeapLimit), region RAM overflowed with stack)
LOAD ./output/main.o
LOAD ./output/startup_ARMCM0.o
LOAD ./output/interrupt_manager.o
LOAD ./output/clock_driver.o
LOAD ./output/gpio_driver.o
LOAD ./output/systick_driver.o
LOAD ./output/uart_driver.o
LOAD ./output/tm1637_driver.o
OUTPUT(./output/stm32f0_codebase.elf elf32-littlearm)

.debug_info     0x00000000      0x954
 .debug_info    0x00000000       0x94 ./output/main.o
 .debug_info    0x00000094       0xe3 ./output/interrupt_manager.o
 .debug_info    0x00000177      0x15e ./output/clock_driver.o
 .debug_info    0x000002d5      0x12a ./output/gpio_driver.o
 .debug_info    0x000003ff      0x142 ./output/systick_driver.o
 .debug_info    0x00000541      0x149 ./output/uart_driver.o
 .debug_info    0x0000068a      0x2ca ./output/tm1637_driver.o

.debug_abbrev   0x00000000      0x46c
 .debug_abbrev  0x00000000       0x5e ./output/main.o
 .debug_abbrev  0x0000005e       0x4f ./output/interrupt_manager.o
 .debug_abbrev  0x000000ad       0xae ./output/clock_driver.o
 .debug_abbrev  0x0000015b       0x9f ./output/gpio_driver.o
 .debug_abbrev  0x000001fa       0x76 ./output/systick_driver.o
 .debug_abbrev  0x00000270       0xd3 ./output/uart_driver.o
 .debug_abbrev  0x00000343      0x129 ./output/tm1637_driver.o

.debug_aranges  0x00000000       0xe0
 .debug_aranges
                0x00000000       0x20 ./output/main.o
 .debug_aranges
                0x00000020       0x20 ./output/interrupt_manager.o
 .debug_aranges
                0x00000040       0x20 ./output/clock_driver.o
 .debug_aranges
                0x00000060       0x20 ./output/gpio_driver.o
 .debug_aranges
                0x00000080       0x20 ./output/systick_driver.o
 .debug_aranges
                0x000000a0       0x20 ./output/uart_driver.o
 .debug_aranges
                0x000000c0       0x20 ./output/tm1637_driver.o

.debug_line     0x00000000      0x3d5
 .debug_line    0x00000000       0x73 ./output/main.o
 .debug_line    0x00000073       0x99 ./output/interrupt_manager.o
 .debug_line    0x0000010c       0x93 ./output/clock_driver.o
 .debug_line    0x0000019f       0x7a ./output/gpio_driver.o
 .debug_line    0x00000219       0x62 ./output/systick_driver.o
 .debug_line    0x0000027b       0x74 ./output/uart_driver.o
 .debug_line    0x000002ef       0xe6 ./output/tm1637_driver.o

.debug_str      0x00000000      0x405
 .debug_str     0x00000000       0xf0 ./output/main.o
 .debug_str     0x000000f0       0xaf ./output/interrupt_manager.o
                                0x178 (size before relaxing)
 .debug_str     0x0000019f       0xa7 ./output/clock_driver.o
                                0x15a (size before relaxing)
 .debug_str     0x00000246       0x78 ./output/gpio_driver.o
                                0x139 (size before relaxing)
 .debug_str     0x000002be       0x36 ./output/systick_driver.o
                                0x13c (size before relaxing)
 .debug_str     0x000002f4       0x7a ./output/uart_driver.o
                                0x140 (size before relaxing)
 .debug_str     0x0000036e       0x97 ./output/tm1637_driver.o
                                0x1ec (size before relaxing)

.comment        0x00000000       0x7e
 .comment       0x00000000       0x7e ./output/main.o
                                 0x7f (size before relaxing)
 .comment       0x0000007e       0x7f ./output/interrupt_manager.o
 .comment       0x0000007e       0x7f ./output/clock_driver.o
 .comment       0x0000007e       0x7f ./output/gpio_driver.o
 .comment       0x0000007e       0x7f ./output/systick_driver.o
 .comment       0x0000007e       0x7f ./output/uart_driver.o
 .comment       0x0000007e       0x7f ./output/tm1637_driver.o

.ARM.attributes
                0x00000000       0x2f
 .ARM.attributes
                0x00000000       0x31 ./output/main.o
 .ARM.attributes
                0x00000031       0x1b ./output/startup_ARMCM0.o
 .ARM.attributes
                0x0000004c       0x31 ./output/interrupt_manager.o
 .ARM.attributes
                0x0000007d       0x31 ./output/clock_driver.o
 .ARM.attributes
                0x000000ae       0x31 ./output/gpio_driver.o
 .ARM.attributes
                0x000000df       0x31 ./output/systick_driver.o
 .ARM.attributes
                0x00000110       0x31 ./output/uart_driver.o
 .ARM.attributes
                0x00000141       0x31 ./output/tm1637_driver.o

.debug_frame    0x00000000      0x3a8
 .debug_frame   0x00000000       0x30 ./output/main.o
 .debug_frame   0x00000030      0x10c ./output/interrupt_manager.o
 .debug_frame   0x0000013c       0x84 ./output/clock_driver.o
 .debug_frame   0x000001c0       0x6c ./output/gpio_driver.o
 .debug_frame   0x0000022c       0x2c ./output/systick_driver.o
 .debug_frame   0x00000258       0x6c ./output/uart_driver.o
 .debug_frame   0x000002c4       0xe4 ./output/tm1637_driver.o
