
Allocating common symbols
Common symbol       size              file

rx_data             0x1               ./output/main.o

Memory Configuration

Name             Origin             Length             Attributes
FLASH            0x08000000         0x00008000         xr
RAM              0x20000000         0x00001000         xrw
*default*        0x00000000         0xffffffff

Linker script and memory map


.text           0x08000000      0xb58
 *(.vectors)
 .vectors       0x08000000       0xc0 ./output/startup_ARMCM0.o
                0x08000000                __Vectors
                0x080000c0                __Vectors_End = .
                0x000000c0                __Vectors_Size = (__Vectors_End - __Vectors)
                0x080000c0                __end__ = .
 *(.text*)
 .text          0x080000c0       0x6c ./output/main.o
                0x080000c0                main
 .text          0x0800012c        0x4 ./output/startup_ARMCM0.o
                0x0800012c                Reset_Handler
 .text          0x08000130       0x36 ./output/interrupt_manager.o
                0x08000130                Reserved_IRQHandler
                0x08000136                NMI_Handler
                0x0800013c                HardFault_Handler
                0x08000142                SVC_Handler
                0x08000148                PendSV_Handler
                0x0800014e                SysTick_Handler
                0x08000154                EXTI0_1_IRQHandler
                0x0800015a                EXTI2_3_IRQHandler
                0x08000160                USART1_IRQHandler
 *fill*         0x08000166        0x2 
 .text          0x08000168      0x17c ./output/clock_driver.o
                0x08000168                CLOCK_DRV_SystemInit
                0x080001f0                CLOCK_DRV_Config
                0x0800022c                CLOCK_DRV_Enable
                0x080002a4                delay
 .text          0x080002e4      0x15e ./output/gpio_driver.o
                0x080002e4                GPIO_DRV_PinInit
                0x080003d4                GPIO_DRV_SetPin
                0x080003f8                GPIO_DRV_ClearPin
                0x0800041e                GPIO_DRV_TogglePin
 *fill*         0x08000442        0x2 
 .text          0x08000444       0x34 ./output/systick_driver.o
                0x08000444                systick_init
 .text          0x08000478      0x110 ./output/uart_driver.o
                0x08000478                UART_DRV_Init
                0x08000514                UART_DRV_SendByte
                0x08000558                UART_DRV_SendString
 .text          0x08000588      0x2d4 ./output/tm1637_driver.o
                0x08000734                TM1637_DRV_Config
                0x08000798                TM1637_DRV_Display
 .text          0x0800085c      0x2c4 ./output/adc_driver.o
                0x0800085c                ADC_DRV_EnableModule
                0x08000890                ADC_DRV_DisableModule
                0x080008dc                ADC_DRV_EnableChannel
                0x08000924                ADC_DRV_DisableChannel
                0x08000958                ADC_DRV_GetDefaultConfigConverter
                0x08000998                ADC_DRV_ConfigConverter
                0x08000a4c                ADC_DRV_StartConversion
                0x08000a68                ADC_DRV_StopConversion
                0x08000a72                ADC_DRV_EnableInterrupt
                0x08000a82                ADC_DRV_DisableInterrupt
                0x08000a92                ADC_DRV_GetConversionResult
                0x08000ab4                ADC_DRV_GetStatusFlags
                0x08000ac0                ADC_DRV_ClearStatusFlags
                0x08000ad0                ADC_DRV_DoCalibaration
 *(.init)
 *(.fini)
 *(.rodata*)
 .rodata        0x08000b20       0x10 ./output/main.o
 .rodata        0x08000b30       0x22 ./output/tm1637_driver.o
 *fill*         0x08000b52        0x2 
 .rodata        0x08000b54        0x4 ./output/adc_driver.o
 *(.eh_frame*)

.glue_7         0x08000b58        0x0
 .glue_7        0x08000b58        0x0 linker stubs

.glue_7t        0x08000b58        0x0
 .glue_7t       0x08000b58        0x0 linker stubs

.vfp11_veneer   0x08000b58        0x0
 .vfp11_veneer  0x08000b58        0x0 linker stubs

.v4_bx          0x08000b58        0x0
 .v4_bx         0x08000b58        0x0 linker stubs

.iplt           0x08000b58        0x0
 .iplt          0x08000b58        0x0 ./output/main.o

.rel.dyn        0x08000b58        0x0
 .rel.iplt      0x08000b58        0x0 ./output/main.o

.data           0x20000000        0x0
                0x20000000                __data_start__ = .
 *(vtable)
 *(.data*)
 .data          0x20000000        0x0 ./output/main.o
 .data          0x20000000        0x0 ./output/startup_ARMCM0.o
 .data          0x20000000        0x0 ./output/interrupt_manager.o
 .data          0x20000000        0x0 ./output/clock_driver.o
 .data          0x20000000        0x0 ./output/gpio_driver.o
 .data          0x20000000        0x0 ./output/systick_driver.o
 .data          0x20000000        0x0 ./output/uart_driver.o
 .data          0x20000000        0x0 ./output/tm1637_driver.o
 .data          0x20000000        0x0 ./output/adc_driver.o
                0x20000000                __data_end__ = .

.igot.plt       0x20000000        0x0
 .igot.plt      0x20000000        0x0 ./output/main.o

.bss            0x20000000        0x4
                0x20000000                . = ALIGN (0x4)
                0x20000000                __bss_start__ = .
 *(.bss*)
 .bss           0x20000000        0x0 ./output/main.o
 .bss           0x20000000        0x0 ./output/startup_ARMCM0.o
 .bss           0x20000000        0x0 ./output/interrupt_manager.o
 .bss           0x20000000        0x0 ./output/clock_driver.o
 .bss           0x20000000        0x0 ./output/gpio_driver.o
 .bss           0x20000000        0x0 ./output/systick_driver.o
 .bss           0x20000000        0x0 ./output/uart_driver.o
 .bss           0x20000000        0x0 ./output/tm1637_driver.o
 .bss           0x20000000        0x0 ./output/adc_driver.o
 *(COMMON)
 COMMON         0x20000000        0x1 ./output/main.o
                0x20000000                rx_data
                0x20000004                . = ALIGN (0x4)
 *fill*         0x20000001        0x3 
                0x20000004                __bss_end__ = .

.heap           0x20000008      0x200
                0x20000008                __HeapBase = .
                0x20000008                __end__ = .
                0x20000008                end = __end__
 *(.heap*)
 .heap          0x20000008      0x200 ./output/startup_ARMCM0.o
                0x20000208                __HeapLimit = .

.stack_dummy    0x20000008      0x100
 *(.stack*)
 .stack         0x20000008      0x100 ./output/startup_ARMCM0.o
                0x20001000                __StackTop = (ORIGIN (RAM) + LENGTH (RAM))
                0x20000f00                __StackLimit = (__StackTop - SIZEOF (.stack_dummy))
                [!provide]                PROVIDE (__stack, __StackTop)
                0x00000001                ASSERT ((__StackLimit >= __HeapLimit), region RAM overflowed with stack)
LOAD ./output/main.o
LOAD ./output/startup_ARMCM0.o
LOAD ./output/interrupt_manager.o
LOAD ./output/clock_driver.o
LOAD ./output/gpio_driver.o
LOAD ./output/systick_driver.o
LOAD ./output/uart_driver.o
LOAD ./output/tm1637_driver.o
LOAD ./output/adc_driver.o
OUTPUT(./output/stm32f0_codebase.elf elf32-littlearm)

.debug_info     0x00000000     0x15a9
 .debug_info    0x00000000      0x43c ./output/main.o
 .debug_info    0x0000043c       0xea ./output/interrupt_manager.o
 .debug_info    0x00000526      0x1c7 ./output/clock_driver.o
 .debug_info    0x000006ed      0x2cf ./output/gpio_driver.o
 .debug_info    0x000009bc      0x15e ./output/systick_driver.o
 .debug_info    0x00000b1a      0x173 ./output/uart_driver.o
 .debug_info    0x00000c8d      0x3af ./output/tm1637_driver.o
 .debug_info    0x0000103c      0x56d ./output/adc_driver.o

.debug_abbrev   0x00000000      0x6ca
 .debug_abbrev  0x00000000       0xbf ./output/main.o
 .debug_abbrev  0x000000bf       0x4f ./output/interrupt_manager.o
 .debug_abbrev  0x0000010e       0xde ./output/clock_driver.o
 .debug_abbrev  0x000001ec       0xcf ./output/gpio_driver.o
 .debug_abbrev  0x000002bb       0xa1 ./output/systick_driver.o
 .debug_abbrev  0x0000035c       0xe0 ./output/uart_driver.o
 .debug_abbrev  0x0000043c      0x143 ./output/tm1637_driver.o
 .debug_abbrev  0x0000057f      0x14b ./output/adc_driver.o

.debug_aranges  0x00000000      0x100
 .debug_aranges
                0x00000000       0x20 ./output/main.o
 .debug_aranges
                0x00000020       0x20 ./output/interrupt_manager.o
 .debug_aranges
                0x00000040       0x20 ./output/clock_driver.o
 .debug_aranges
                0x00000060       0x20 ./output/gpio_driver.o
 .debug_aranges
                0x00000080       0x20 ./output/systick_driver.o
 .debug_aranges
                0x000000a0       0x20 ./output/uart_driver.o
 .debug_aranges
                0x000000c0       0x20 ./output/tm1637_driver.o
 .debug_aranges
                0x000000e0       0x20 ./output/adc_driver.o

.debug_line     0x00000000      0x55f
 .debug_line    0x00000000       0xbc ./output/main.o
 .debug_line    0x000000bc       0x99 ./output/interrupt_manager.o
 .debug_line    0x00000155       0xb6 ./output/clock_driver.o
 .debug_line    0x0000020b       0x87 ./output/gpio_driver.o
 .debug_line    0x00000292       0x62 ./output/systick_driver.o
 .debug_line    0x000002f4       0x74 ./output/uart_driver.o
 .debug_line    0x00000368      0x115 ./output/tm1637_driver.o
 .debug_line    0x0000047d       0xe2 ./output/adc_driver.o

.debug_str      0x00000000      0xc09
 .debug_str     0x00000000      0x67c ./output/main.o
                                0x689 (size before relaxing)
 .debug_str     0x0000067c       0xaf ./output/interrupt_manager.o
                                0x18b (size before relaxing)
 .debug_str     0x0000072b       0xbc ./output/clock_driver.o
                                0x1e5 (size before relaxing)
 .debug_str     0x000007e7       0x6a ./output/gpio_driver.o
                                0x2d0 (size before relaxing)
 .debug_str     0x00000851       0x33 ./output/systick_driver.o
                                0x160 (size before relaxing)
 .debug_str     0x00000884       0x7f ./output/uart_driver.o
                                0x161 (size before relaxing)
 .debug_str     0x00000903      0x108 ./output/tm1637_driver.o
                                0x3b5 (size before relaxing)
 .debug_str     0x00000a0b      0x1fe ./output/adc_driver.o
                                0x69d (size before relaxing)

.comment        0x00000000       0x7e
 .comment       0x00000000       0x7e ./output/main.o
                                 0x7f (size before relaxing)
 .comment       0x0000007e       0x7f ./output/interrupt_manager.o
 .comment       0x0000007e       0x7f ./output/clock_driver.o
 .comment       0x0000007e       0x7f ./output/gpio_driver.o
 .comment       0x0000007e       0x7f ./output/systick_driver.o
 .comment       0x0000007e       0x7f ./output/uart_driver.o
 .comment       0x0000007e       0x7f ./output/tm1637_driver.o
 .comment       0x0000007e       0x7f ./output/adc_driver.o

.ARM.attributes
                0x00000000       0x2f
 .ARM.attributes
                0x00000000       0x31 ./output/main.o
 .ARM.attributes
                0x00000031       0x1b ./output/startup_ARMCM0.o
 .ARM.attributes
                0x0000004c       0x31 ./output/interrupt_manager.o
 .ARM.attributes
                0x0000007d       0x31 ./output/clock_driver.o
 .ARM.attributes
                0x000000ae       0x31 ./output/gpio_driver.o
 .ARM.attributes
                0x000000df       0x31 ./output/systick_driver.o
 .ARM.attributes
                0x00000110       0x31 ./output/uart_driver.o
 .ARM.attributes
                0x00000141       0x31 ./output/tm1637_driver.o
 .ARM.attributes
                0x00000172       0x31 ./output/adc_driver.o

.debug_frame    0x00000000      0x590
 .debug_frame   0x00000000       0x30 ./output/main.o
 .debug_frame   0x00000030      0x10c ./output/interrupt_manager.o
 .debug_frame   0x0000013c       0x88 ./output/clock_driver.o
 .debug_frame   0x000001c4       0x90 ./output/gpio_driver.o
 .debug_frame   0x00000254       0x2c ./output/systick_driver.o
 .debug_frame   0x00000280       0x6c ./output/uart_driver.o
 .debug_frame   0x000002ec       0xe8 ./output/tm1637_driver.o
 .debug_frame   0x000003d4      0x1bc ./output/adc_driver.o
