
Memory Configuration

Name             Origin             Length             Attributes
FLASH            0x08000000         0x00008000         xr
RAM              0x20000000         0x00001000         xrw
*default*        0x00000000         0xffffffff

Linker script and memory map


.text           0x08000000      0xc4a
 *(.vectors)
 .vectors       0x08000000       0xc0 ./output/startup_ARMCM0.o
                0x08000000                __Vectors
                0x080000c0                __Vectors_End = .
                0x000000c0                __Vectors_Size = (__Vectors_End - __Vectors)
                0x080000c0                __end__ = .
 *(.text*)
 .text          0x080000c0      0x1cc ./output/clock.o
                0x080000c0                system_init
                0x08000148                system_clock_config
                0x080001f8                clock_enable
                0x0800024c                delay
 .text          0x0800028c      0x21c ./output/gpio.o
                0x0800028c                gpio_init
                0x0800044c                led_on
                0x08000478                led_off
 .text          0x080004a8      0x1f8 ./output/interrupt.o
                0x080004a8                Reserved_IRQHandler
                0x080004ae                NMI_Handler
                0x080004b4                HardFault_Handler
                0x080004ba                SVC_Handler
                0x080004c0                PendSV_Handler
                0x080004c6                SysTick_Handler
                0x080004e4                EXTI0_1_IRQHandler
                0x08000518                EXTI2_3_IRQHandler
                0x0800051e                USART1_IRQHandler
                0x08000560                NVIC_EnableIRQ
                0x08000580                NVIC_DisableIRQ
                0x080005a4                NVIC_SetPriority
                0x0800060c                interrupt_init
 .text          0x080006a0       0x5c ./output/main.o
                0x080006a0                main
 .text          0x080006fc        0x4 ./output/startup_ARMCM0.o
                0x080006fc                Reset_Handler
 .text          0x08000700      0x350 ./output/tm1637.o
                0x08000700                delay_us
                0x0800073a                tm1637_init
                0x080007d0                start
                0x0800081c                stop
                0x08000868                ack
                0x0800090c                write_byte
                0x08000998                tm1637_display
 .text          0x08000a50       0xd4 ./output/systick.o
                0x08000a50                systick_init
                0x08000a78                systick_interrupt_enable
                0x08000aac                start_systick
                0x08000ad8                get_state_systick
                0x08000af0                delay_ms_systick
 .text          0x08000b24      0x11c ./output/usart.o
                0x08000b24                usart_init
                0x08000bcc                usart_send_byte
                0x08000c10                usart_send_string
 *(.init)
 *(.fini)
 *(.rodata*)
 .rodata        0x08000c40        0xa ./output/tm1637.o
                0x08000c40                segmentMap
 *(.eh_frame*)

.glue_7         0x08000c4c        0x0
 .glue_7        0x08000c4c        0x0 linker stubs

.glue_7t        0x08000c4c        0x0
 .glue_7t       0x08000c4c        0x0 linker stubs

.vfp11_veneer   0x08000c4c        0x0
 .vfp11_veneer  0x08000c4c        0x0 linker stubs

.v4_bx          0x08000c4c        0x0
 .v4_bx         0x08000c4c        0x0 linker stubs

.iplt           0x08000c4c        0x0
 .iplt          0x08000c4c        0x0 ./output/clock.o

.rel.dyn        0x08000c4c        0x0
 .rel.iplt      0x08000c4c        0x0 ./output/clock.o

.data           0x20000000        0x0
                0x20000000                __data_start__ = .
 *(vtable)
 *(.data*)
 .data          0x20000000        0x0 ./output/clock.o
 .data          0x20000000        0x0 ./output/gpio.o
 .data          0x20000000        0x0 ./output/interrupt.o
 .data          0x20000000        0x0 ./output/main.o
 .data          0x20000000        0x0 ./output/startup_ARMCM0.o
 .data          0x20000000        0x0 ./output/tm1637.o
 .data          0x20000000        0x0 ./output/systick.o
 .data          0x20000000        0x0 ./output/usart.o
                0x20000000                __data_end__ = .

.igot.plt       0x20000000        0x0
 .igot.plt      0x20000000        0x0 ./output/clock.o

.bss            0x20000000        0x4
                0x20000000                . = ALIGN (0x4)
                0x20000000                __bss_start__ = .
 *(.bss*)
 .bss           0x20000000        0x0 ./output/clock.o
 .bss           0x20000000        0x0 ./output/gpio.o
 .bss           0x20000000        0x1 ./output/interrupt.o
                0x20000000                rx_data
 .bss           0x20000001        0x0 ./output/main.o
 .bss           0x20000001        0x0 ./output/startup_ARMCM0.o
 .bss           0x20000001        0x0 ./output/tm1637.o
 .bss           0x20000001        0x0 ./output/systick.o
 .bss           0x20000001        0x0 ./output/usart.o
 *(COMMON)
                0x20000004                . = ALIGN (0x4)
 *fill*         0x20000001        0x3 
                0x20000004                __bss_end__ = .

.heap           0x20000008      0x200
                0x20000008                __HeapBase = .
                0x20000008                __end__ = .
                0x20000008                end = __end__
 *(.heap*)
 .heap          0x20000008      0x200 ./output/startup_ARMCM0.o
                0x20000208                __HeapLimit = .

.stack_dummy    0x20000008      0x100
 *(.stack*)
 .stack         0x20000008      0x100 ./output/startup_ARMCM0.o
                0x20001000                __StackTop = (ORIGIN (RAM) + LENGTH (RAM))
                0x20000f00                __StackLimit = (__StackTop - SIZEOF (.stack_dummy))
                [!provide]                PROVIDE (__stack, __StackTop)
                0x00000001                ASSERT ((__StackLimit >= __HeapLimit), region RAM overflowed with stack)
LOAD ./output/clock.o
LOAD ./output/gpio.o
LOAD ./output/interrupt.o
LOAD ./output/main.o
LOAD ./output/startup_ARMCM0.o
LOAD ./output/tm1637.o
LOAD ./output/systick.o
LOAD ./output/usart.o
OUTPUT(./output/stm32f0_discovery_usart.elf elf32-littlearm)

.debug_info     0x00000000      0xc1d
 .debug_info    0x00000000      0x15e ./output/clock.o
 .debug_info    0x0000015e      0x12a ./output/gpio.o
 .debug_info    0x00000288      0x437 ./output/interrupt.o
 .debug_info    0x000006bf       0x62 ./output/main.o
 .debug_info    0x00000721      0x2ab ./output/tm1637.o
 .debug_info    0x000009cc      0x108 ./output/systick.o
 .debug_info    0x00000ad4      0x149 ./output/usart.o

.debug_abbrev   0x00000000      0x5a8
 .debug_abbrev  0x00000000       0xc4 ./output/clock.o
 .debug_abbrev  0x000000c4       0x9f ./output/gpio.o
 .debug_abbrev  0x00000163      0x110 ./output/interrupt.o
 .debug_abbrev  0x00000273       0x5e ./output/main.o
 .debug_abbrev  0x000002d1      0x131 ./output/tm1637.o
 .debug_abbrev  0x00000402       0xd3 ./output/systick.o
 .debug_abbrev  0x000004d5       0xd3 ./output/usart.o

.debug_aranges  0x00000000       0xe0
 .debug_aranges
                0x00000000       0x20 ./output/clock.o
 .debug_aranges
                0x00000020       0x20 ./output/gpio.o
 .debug_aranges
                0x00000040       0x20 ./output/interrupt.o
 .debug_aranges
                0x00000060       0x20 ./output/main.o
 .debug_aranges
                0x00000080       0x20 ./output/tm1637.o
 .debug_aranges
                0x000000a0       0x20 ./output/systick.o
 .debug_aranges
                0x000000c0       0x20 ./output/usart.o

.debug_line     0x00000000      0x3d2
 .debug_line    0x00000000       0x97 ./output/clock.o
 .debug_line    0x00000097       0x76 ./output/gpio.o
 .debug_line    0x0000010d       0xb4 ./output/interrupt.o
 .debug_line    0x000001c1       0x5d ./output/main.o
 .debug_line    0x0000021e       0xd0 ./output/tm1637.o
 .debug_line    0x000002ee       0x75 ./output/systick.o
 .debug_line    0x00000363       0x6f ./output/usart.o

.debug_str      0x00000000      0x4e1
 .debug_str     0x00000000      0x150 ./output/clock.o
 .debug_str     0x00000150       0x7b ./output/gpio.o
                                0x12f (size before relaxing)
 .debug_str     0x000001cb      0x1af ./output/interrupt.o
                                0x2b3 (size before relaxing)
 .debug_str     0x0000037a       0x12 ./output/main.o
                                 0xdc (size before relaxing)
 .debug_str     0x0000038c       0x79 ./output/tm1637.o
                                0x1cf (size before relaxing)
 .debug_str     0x00000405       0x87 ./output/systick.o
                                0x13b (size before relaxing)
 .debug_str     0x0000048c       0x55 ./output/usart.o
                                0x134 (size before relaxing)

.comment        0x00000000       0x7e
 .comment       0x00000000       0x7e ./output/clock.o
                                 0x7f (size before relaxing)
 .comment       0x0000007e       0x7f ./output/gpio.o
 .comment       0x0000007e       0x7f ./output/interrupt.o
 .comment       0x0000007e       0x7f ./output/main.o
 .comment       0x0000007e       0x7f ./output/tm1637.o
 .comment       0x0000007e       0x7f ./output/systick.o
 .comment       0x0000007e       0x7f ./output/usart.o

.ARM.attributes
                0x00000000       0x2f
 .ARM.attributes
                0x00000000       0x31 ./output/clock.o
 .ARM.attributes
                0x00000031       0x31 ./output/gpio.o
 .ARM.attributes
                0x00000062       0x31 ./output/interrupt.o
 .ARM.attributes
                0x00000093       0x31 ./output/main.o
 .ARM.attributes
                0x000000c4       0x1b ./output/startup_ARMCM0.o
 .ARM.attributes
                0x000000df       0x31 ./output/tm1637.o
 .ARM.attributes
                0x00000110       0x31 ./output/systick.o
 .ARM.attributes
                0x00000141       0x31 ./output/usart.o

.debug_frame    0x00000000      0x4a0
 .debug_frame   0x00000000       0x84 ./output/clock.o
 .debug_frame   0x00000084       0x6c ./output/gpio.o
 .debug_frame   0x000000f0      0x188 ./output/interrupt.o
 .debug_frame   0x00000278       0x30 ./output/main.o
 .debug_frame   0x000002a8       0xe4 ./output/tm1637.o
 .debug_frame   0x0000038c       0xa8 ./output/systick.o
 .debug_frame   0x00000434       0x6c ./output/usart.o
